[gxon.layoutdrop.com/demo/index.html]
[backblue.gif]
[fade.gif]
[index.html]
[gxon.layoutdrop.com/demo/preview.png]
[gxon.layoutdrop.com/demo/assets/images/favicon.png]
[gxon.layoutdrop.com/demo/assets/images/apple-touch-icon.png]
[gxon.layoutdrop.com/demo/assets/libs/lucide/lucide.css]
[gxon.layoutdrop.com/demo/assets/libs/fontawesome/css/all.min.css]
[gxon.layoutdrop.com/demo/assets/libs/simplebar/simplebar.css]
[gxon.layoutdrop.com/demo/assets/libs/node-waves/waves.css]
[gxon.layoutdrop.com/demo/assets/libs/bootstrap-select/css/bootstrap-select.min.css]
[gxon.layoutdrop.com/demo/assets/libs/flatpickr/flatpickr.min.css]
[gxon.layoutdrop.com/demo/assets/libs/datatables/datatables.min.css]
[gxon.layoutdrop.com/demo/assets/css/styles.css]
[gxon.layoutdrop.com/demo/analytics.html]
[gxon.layoutdrop.com/demo/pages/faq.html]
[gxon.layoutdrop.com/demo/email/inbox.html]
[gxon.layoutdrop.com/demo/assets/images/avatar/avatar2.webp]
[gxon.layoutdrop.com/demo/assets/images/avatar/avatar3.webp]
[gxon.layoutdrop.com/demo/assets/images/avatar/avatar5.webp]
[gxon.layoutdrop.com/demo/calendar.html]
[gxon.layoutdrop.com/demo/assets/images/avatar/avatar1.webp]
[gxon.layoutdrop.com/demo/profile.html]
[gxon.layoutdrop.com/demo/task-management.html]
[gxon.layoutdrop.com/demo/settings.html]
[gxon.layoutdrop.com/demo/pages/pricing.html]
[gxon.layoutdrop.com/demo/authentication/login-basic.html]
[gxon.layoutdrop.com/demo/index-2.html]
[gxon.layoutdrop.com/demo/chat.html]
[gxon.layoutdrop.com/demo/chart/apexchart.html]
[gxon.layoutdrop.com/demo/assets/images/logo.svg]
[gxon.layoutdrop.com/demo/assets/images/logo-text.svg]
[gxon.layoutdrop.com/demo/assets/images/logo-text-white.svg]
[gxon.layoutdrop.com/demo/index-rtl.html]
[gxon.layoutdrop.com/demo/ecommerce/ecommerce.html]
[gxon.layoutdrop.com/demo/employee.html]
[gxon.layoutdrop.com/demo/attendance.html]
[gxon.layoutdrop.com/demo/leave.html]
[gxon.layoutdrop.com/demo/payroll.html]
[gxon.layoutdrop.com/demo/recruitment.html]
[gxon.layoutdrop.com/demo/email/compose.html]
[gxon.layoutdrop.com/demo/email/read-email.html]
[gxon.layoutdrop.com/demo/pages/pricing-two.html]
[gxon.layoutdrop.com/demo/pages/coming-soon.html]
[gxon.layoutdrop.com/demo/roles-permissions.html]
[gxon.layoutdrop.com/demo/pages/blog.html]
[gxon.layoutdrop.com/demo/pages/blog-list.html]
[gxon.layoutdrop.com/demo/pages/blog-details.html]
[gxon.layoutdrop.com/demo/pages/error-404.html]
[gxon.layoutdrop.com/demo/pages/error-404-cover.html]
[gxon.layoutdrop.com/demo/pages/error-404-full.html]
[gxon.layoutdrop.com/demo/pages/under-construction.html]
[gxon.layoutdrop.com/demo/pages/under-construction-cover.html]
[gxon.layoutdrop.com/demo/pages/under-construction-full.html]
[gxon.layoutdrop.com/demo/pages/blank-page.html]
[gxon.layoutdrop.com/demo/pages/activity.html]
[gxon.layoutdrop.com/demo/authentication/login-cover.html]
[gxon.layoutdrop.com/demo/authentication/login-frame.html]
[gxon.layoutdrop.com/demo/authentication/register-basic.html]
[gxon.layoutdrop.com/demo/authentication/register-cover.html]
[gxon.layoutdrop.com/demo/index.html]
[gxon.layoutdrop.com/demo/assets/libs/flaticon/css/all/all.css]
[gxon.layoutdrop.com/demo/assets/libs/lucide/lucide.css]
[gxon.layoutdrop.com/demo/assets/libs/fontawesome/css/all.min.css]
[gxon.layoutdrop.com/demo/assets/libs/simplebar/simplebar.css]
[gxon.layoutdrop.com/demo/assets/libs/node-waves/waves.css]
[gxon.layoutdrop.com/demo/assets/libs/bootstrap-select/css/bootstrap-select.min.css]
[gxon.layoutdrop.com/demo/assets/libs/flatpickr/flatpickr.min.css]
[gxon.layoutdrop.com/demo/assets/libs/datatables/datatables.min.css]
[gxon.layoutdrop.com/demo/assets/css/styles.css]
[gxon.layoutdrop.com/demo/analytics.html]
[gxon.layoutdrop.com/demo/pages/faq.html]
[gxon.layoutdrop.com/demo/email/inbox.html]
[gxon.layoutdrop.com/demo/calendar.html]
[gxon.layoutdrop.com/demo/profile.html]
[gxon.layoutdrop.com/demo/task-management.html]
[gxon.layoutdrop.com/demo/settings.html]
[gxon.layoutdrop.com/demo/pages/pricing.html]
[gxon.layoutdrop.com/demo/authentication/login-basic.html]
[gxon.layoutdrop.com/demo/index-2.html]
[gxon.layoutdrop.com/demo/chat.html]
[gxon.layoutdrop.com/demo/chart/apexchart.html]
[gxon.layoutdrop.com/demo/assets/images/logo.svg]
[gxon.layoutdrop.com/demo/assets/images/logo-text.svg]
[gxon.layoutdrop.com/demo/assets/images/logo-text-white.svg]
[gxon.layoutdrop.com/demo/index-rtl.html]
[gxon.layoutdrop.com/demo/ecommerce/ecommerce.html]
[gxon.layoutdrop.com/demo/employee.html]
[gxon.layoutdrop.com/demo/attendance.html]
[gxon.layoutdrop.com/demo/leave.html]
[gxon.layoutdrop.com/demo/payroll.html]
[gxon.layoutdrop.com/demo/recruitment.html]
[gxon.layoutdrop.com/demo/email/compose.html]
[gxon.layoutdrop.com/demo/email/read-email.html]
[gxon.layoutdrop.com/demo/pages/pricing-two.html]
[gxon.layoutdrop.com/demo/pages/coming-soon.html]
[gxon.layoutdrop.com/demo/roles-permissions.html]
[gxon.layoutdrop.com/demo/pages/blog.html]
[gxon.layoutdrop.com/demo/pages/blog-list.html]
[gxon.layoutdrop.com/demo/pages/blog-details.html]
[gxon.layoutdrop.com/demo/pages/error-404.html]
[gxon.layoutdrop.com/demo/pages/error-404-cover.html]
[gxon.layoutdrop.com/demo/pages/error-404-full.html]
[gxon.layoutdrop.com/demo/pages/under-construction.html]
[gxon.layoutdrop.com/demo/pages/under-construction-cover.html]
[gxon.layoutdrop.com/demo/pages/under-construction-full.html]
[gxon.layoutdrop.com/demo/pages/blank-page.html]
[gxon.layoutdrop.com/demo/pages/activity.html]
[gxon.layoutdrop.com/demo/authentication/login-cover.html]
[gxon.layoutdrop.com/demo/authentication/login-frame.html]
[gxon.layoutdrop.com/demo/authentication/register-basic.html]
[gxon.layoutdrop.com/demo/authentication/register-cover.html]
[gxon.layoutdrop.com/demo/authentication/register-frame.html]
[gxon.layoutdrop.com/demo/authentication/forgot-password-basic.html]
[gxon.layoutdrop.com/demo/authentication/forgot-password-cover.html]
[gxon.layoutdrop.com/demo/authentication/forgot-password-frame.html]
[gxon.layoutdrop.com/demo/authentication/new-password-basic.html]
[gxon.layoutdrop.com/demo/authentication/new-password-cover.html]
[gxon.layoutdrop.com/demo/authentication/new-password-frame.html]
[gxon.layoutdrop.com/demo/file-manager/folders.html]
[gxon.layoutdrop.com/demo/file-manager/files.html]
[gxon.layoutdrop.com/demo/invoices/invoice1.html]
[gxon.layoutdrop.com/demo/invoices/invoice2.html]
[gxon.layoutdrop.com/demo/invoices/create-invoice.html]
[gxon.layoutdrop.com/demo/components/accordion.html]
[gxon.layoutdrop.com/demo/components/alerts.html]
[gxon.layoutdrop.com/demo/components/badge.html]
[gxon.layoutdrop.com/demo/components/breadcrumb.html]
[gxon.layoutdrop.com/demo/components/buttons.html]
[gxon.layoutdrop.com/demo/components/typography.html]
[gxon.layoutdrop.com/demo/components/button-group.html]
[gxon.layoutdrop.com/demo/components/card.html]
[gxon.layoutdrop.com/demo/components/collapse.html]
[gxon.layoutdrop.com/demo/components/carousel.html]
[gxon.layoutdrop.com/demo/components/dropdowns.html]
[gxon.layoutdrop.com/demo/components/modal.html]
[gxon.layoutdrop.com/demo/components/navbar.html]
[gxon.layoutdrop.com/demo/components/list-group.html]
[gxon.layoutdrop.com/demo/components/tabs.html]
[gxon.layoutdrop.com/demo/components/offcanvas.html]
[gxon.layoutdrop.com/demo/components/pagination.html]
[gxon.layoutdrop.com/demo/components/popovers.html]
[gxon.layoutdrop.com/demo/components/progress.html]
[gxon.layoutdrop.com/demo/components/scrollspy.html]
[gxon.layoutdrop.com/demo/components/spinners.html]
[gxon.layoutdrop.com/demo/components/toasts.html]
[gxon.layoutdrop.com/demo/components/tooltips.html]
[gxon.layoutdrop.com/demo/extended-ui/avatar.html]
[gxon.layoutdrop.com/demo/extended-ui/card-action.html]
[gxon.layoutdrop.com/demo/extended-ui/drag-and-drop.html]
[gxon.layoutdrop.com/demo/extended-ui/simplebar.html]
[gxon.layoutdrop.com/demo/extended-ui/swiper.html]
[gxon.layoutdrop.com/demo/extended-ui/team.html]
[gxon.layoutdrop.com/demo/extended-ui/flags.html]
[gxon.layoutdrop.com/demo/icons/flaticon.html]
[gxon.layoutdrop.com/demo/icons/lucide.html]
[gxon.layoutdrop.com/demo/icons/fontawesome.html]
[gxon.layoutdrop.com/demo/forms/form-elements.html]
[gxon.layoutdrop.com/demo/forms/form-floating.html]
[gxon.layoutdrop.com/demo/forms/form-input-group.html]
[gxon.layoutdrop.com/demo/forms/form-layout.html]
[gxon.layoutdrop.com/demo/forms/form-validation.html]
[gxon.layoutdrop.com/demo/forms/flatpickr.html]
[gxon.layoutdrop.com/demo/forms/tagify.html]
[gxon.layoutdrop.com/demo/table/tables-basic.html]
[gxon.layoutdrop.com/demo/table/tables-datatable.html]
[gxon.layoutdrop.com/demo/chart/chartjs.html]
[gxon.layoutdrop.com/demo/maps/jsvectormap.html]
[gxon.layoutdrop.com/demo/maps/leaflet.html]
[gxon.layoutdrop.com/demo/assets/images/media/svg/media1.html]
[gxon.layoutdrop.com/demo/assets/images/avatar/avatar4.html]
[gxon.layoutdrop.com/demo/assets/images/icons/google-meet.html]
[gxon.layoutdrop.com/demo/assets/libs/global/global.min.html]
[gxon.layoutdrop.com/demo/assets/libs/sortable/Sortable.min.html]
[gxon.layoutdrop.com/demo/assets/libs/chartjs/chart.html]
[gxon.layoutdrop.com/demo/assets/libs/flatpickr/flatpickr.min.html]
[gxon.layoutdrop.com/demo/assets/libs/apexcharts/apexcharts.min.html]
[gxon.layoutdrop.com/demo/assets/libs/datatables/datatables.min.html]
[gxon.layoutdrop.com/demo/assets/js/dashboard.html]
[gxon.layoutdrop.com/demo/assets/js/todolist.html]
[gxon.layoutdrop.com/demo/assets/js/appSettings.html]
[gxon.layoutdrop.com/demo/assets/js/main.html]
[gxon.layoutdrop.com/demo/assets/libs/flaticon/css/all/all.rounded.html]
[gxon.layoutdrop.com/demo/assets/libs/flaticon/css/all/all.straight.html]
[gxon.layoutdrop.com/demo/assets/libs/flaticon/css/brands/all.html]
[gxon.layoutdrop.com/demo/assets/libs/lucide/lucide4081.html]
[gxon.layoutdrop.com/demo/assets/libs/lucide/lucide4081-2.html]
[gxon.layoutdrop.com/demo/assets/libs/lucide/lucide4081-3.html]
[gxon.layoutdrop.com/demo/assets/libs/lucide/lucide4081-4.html]
[gxon.layoutdrop.com/demo/assets/libs/lucide/lucide4081-5.html]
[gxon.layoutdrop.com/demo/assets/libs/fontawesome/webfonts/fa-brands-400.html]
[gxon.layoutdrop.com/demo/assets/libs/fontawesome/webfonts/fa-brands-401.html]
[gxon.layoutdrop.com/demo/assets/libs/fontawesome/webfonts/fa-regular-400.html]
[gxon.layoutdrop.com/demo/assets/libs/fontawesome/webfonts/fa-regular-401.html]
[gxon.layoutdrop.com/demo/assets/libs/fontawesome/webfonts/fa-solid-900.html]
[gxon.layoutdrop.com/demo/assets/libs/fontawesome/webfonts/fa-solid-901.html]
[gxon.layoutdrop.com/demo/assets/libs/fontawesome/webfonts/fa-v4compatibility.html]
[gxon.layoutdrop.com/demo/assets/libs/fontawesome/webfonts/fa-v4compatibility-2.html]
[gxon.layoutdrop.com/demo/assets/images/media/svg/media2.html]
[gxon.layoutdrop.com/demo/assets/libs/fullcalendar/index.global.min.html]
[gxon.layoutdrop.com/demo/assets/js/fullcalendar.html]
[gxon.layoutdrop.com/demo/assets/js/flatpickr.html]
[gxon.layoutdrop.com/demo/assets/js/task.html]
[gxon.layoutdrop.com/demo/assets/libs/tagify/tagify.html]
[gxon.layoutdrop.com/demo/assets/images/avatar/vector/avatar1.html]
[gxon.layoutdrop.com/demo/assets/images/avatar/vector/avatar2.html]
[gxon.layoutdrop.com/demo/assets/images/avatar/vector/avatar3.html]
[gxon.layoutdrop.com/demo/assets/images/avatar/vector/avatar4.html]
[gxon.layoutdrop.com/demo/assets/images/avatar/vector/avatar5.html]
[gxon.layoutdrop.com/demo/assets/libs/tagify/tagify-2.html]
[gxon.layoutdrop.com/demo/assets/css/styles-rtl.html]
[gxon.layoutdrop.com/demo/assets/images/avatar/avatar8.html]
[gxon.layoutdrop.com/demo/assets/images/avatar/avatar7.html]
[gxon.layoutdrop.com/demo/assets/images/avatar/avatar6.html]
[gxon.layoutdrop.com/demo/assets/images/media/figma.html]
[gxon.layoutdrop.com/demo/assets/images/media/python.html]
[gxon.layoutdrop.com/demo/assets/images/media/code.html]
[gxon.layoutdrop.com/demo/assets/images/media/react.html]
[/assets/images/favicon.png]
[/assets/images/apple-touch-icon.png]
[/assets/libs/flaticon/css/all/all.css]
[/assets/libs/lucide/lucide.css]
[/assets/libs/fontawesome/css/all.min.css]
[/assets/libs/simplebar/simplebar.css]
[/assets/libs/node-waves/waves.css]
[/assets/libs/bootstrap-select/css/bootstrap-select.min.css]
[/assets/css/styles.css]
[/assets/images/background/faq.png]
[/assets/libs/global/global.min.js]
[/assets/js/appSettings.js]
[/assets/js/main.js]
[/assets/images/background/price.png]
[/assets/libs/apexcharts/apexcharts.min.js]
[/assets/js/apexchart.js]
[/assets/images/ecommerce/favicon.png]
[/assets/images/ecommerce/apple-touch-icon.png]
[/assets/libs/flatpickr/flatpickr.min.css]
[/assets/libs/datatables/datatables.min.css]
[/assets/libs/tagify/tagify.css]
[/assets/images/ecommerce/products/pic2.png]
[/assets/images/ecommerce/products/pic3.png]
[/assets/images/ecommerce/products/pic4.png]
[/assets/images/ecommerce/products/pic5.png]
[/assets/images/ecommerce/products/pic1.png]
[/assets/libs/chartjs/chart.js]
[/assets/libs/datatables/datatables.min.js]
[/assets/js/ecommerce.js]
[/assets/libs/tagify/tagify.js]
[/assets/js/tagify.js]
[/assets/images/background/coming-soon.png]
[/assets/js/coming-soon.js]
[/assets/images/auth/auth-cover-bg.png]
[/assets/images/error/vector.png]
[/assets/images/background/bg-full.png]
[/assets/images/error/vector2.png]
[/assets/images/maintenance/cover-bg.png]
[/assets/images/maintenance/vector1.png]
[/assets/images/maintenance/vector2.png]
[/assets/images/error/blank-page.png]
[/assets/images/auth/auth.png]
[/assets/images/auth/img1.png]
[/assets/images/auth/img2.png]
[/assets/images/auth/img3.png]
